This is XeTeX, Version 3.141592653-2.6-0.999998 (TeX Live 2026) (preloaded format=xelatex 2026.4.19)  28 APR 2026 11:36
entering extended mode
 restricted \write18 enabled.
 %&-line parsing enabled.
**"/Users/chhiringlama/Library/CloudStorage/OneDrive-ColumbiaUniversityIrvingMedicalCenter/Course\ Materials/Spring\ 2026/SPRIS\ I/Project\ 6/p9185_p6_g4/figures_tables/model_comparison.tex"
! Emergency stop.
<to be read again> 
                   \ 
<*> ...umbiaUniversityIrvingMedicalCenter/Course\ 
                                                  Materials/Spring\ 2026/SPR...
*** (job aborted, file error in nonstop mode)

 
Here is how much of TeX's memory you used:
 3 strings out of 470015
 104 string characters out of 5474065
 427603 words of memory out of 5000000
 28868 multiletter control sequences out of 15000+600000
 627721 words of font info for 40 fonts, out of 8000000 for 9000
 14 hyphenation exceptions out of 8191
 1i,0n,0p,1b,6s stack positions out of 10000i,1000n,20000p,200000b,200000s
No pages of output.
